g_application_command_line_get_stdin
g_application_get_dbus_connection
g_application_get_dbus_object_path
g_app_info_get_supported_types
g_async_result_is_tagged
g_async_result_legacy_propagate_error
g_content_type_get_generic_icon_name
g_content_type_get_symbolic_icon
GDBusAuthObserver::allow-mechanism
g_dbus_auth_observer_allow_mechanism
g_dbus_connection_get_last_serial
g_dbus_object_manager_server_is_exported
g_desktop_app_info_get_startup_wm_class
g_drive_get_symbolic_icon
G_FILE_ATTRIBUTE_STANDARD_SYMBOLIC_ICON
g_file_delete_async
g_file_delete_finish
g_file_info_get_symbolic_icon
g_file_info_set_symbolic_icon
g_memory_input_stream_add_bytes
g_memory_input_stream_new_from_bytes
g_memory_output_stream_steal_as_bytes
g_menu_item_get_attribute
g_menu_item_get_attribute_value
g_menu_item_get_link
g_menu_item_new_from_model
GMountOperation::show-unmount-progress
g_mount_get_symbolic_icon
g_pollable_source_new_full
g_pollable_stream_read
g_pollable_stream_write
g_pollable_stream_write_all
GProxyAddress:destination-protocol
GProxyAddress:uri
g_proxy_address_get_destination_protocol
g_proxy_address_get_uri
g_resolver_lookup_records
g_resolver_lookup_records_async
g_resolver_lookup_records_finish
g_settings_schema_key_get_description
g_settings_schema_key_get_summary
GTestDBus
GTestDBus:flags
GTestDBusFlags
g_tls_certificate_is_same
g_unix_mount_guess_symbolic_icon
g_unix_mount_point_guess_symbolic_icon
g_volume_get_symbolic_icon
