GAppInfoMonitor
GApplication::handle-local-options
g_application_add_main_option_entries
g_application_add_option_group
g_application_command_line_get_options_dict
g_application_send_notification
g_application_withdraw_notification
g_app_info_monitor_get
G_FILE_ATTRIBUTE_THUMBNAIL_IS_VALID
g_file_replace_contents_bytes_async
g_inet_socket_address_new_from_string
GNotification
g_notification_add_button
g_notification_add_button_with_target
g_notification_add_button_with_target_value
g_notification_new
g_notification_set_body
g_notification_set_default_action
g_notification_set_default_action_and_target
g_notification_set_default_action_and_target_value
g_notification_set_icon
g_notification_set_title
g_notification_set_urgent
g_settings_get_default_value
g_settings_get_user_value
g_settings_schema_get_key
g_settings_schema_has_key
g_settings_schema_key_get_default_value
g_settings_schema_key_get_range
g_settings_schema_key_get_value_type
g_settings_schema_key_range_check
g_settings_schema_key_ref
g_settings_schema_key_unref
g_settings_schema_source_list_schemas
GSubprocess
GSubprocessFlags
g_subprocess_communicate
g_subprocess_force_exit
g_subprocess_get_exit_status
g_subprocess_get_if_exited
g_subprocess_get_if_signaled
g_subprocess_get_status
g_subprocess_get_stderr_pipe
g_subprocess_get_stdin_pipe
g_subprocess_get_stdout_pipe
g_subprocess_get_successful
g_subprocess_get_term_sig
g_subprocess_launcher_getenv
g_subprocess_launcher_new
g_subprocess_launcher_setenv
g_subprocess_launcher_set_child_setup
g_subprocess_launcher_set_cwd
g_subprocess_launcher_set_environ
g_subprocess_launcher_set_flags
g_subprocess_launcher_set_stderr_file_path
g_subprocess_launcher_set_stdin_file_path
g_subprocess_launcher_set_stdout_file_path
g_subprocess_launcher_spawn
g_subprocess_launcher_spawnv
g_subprocess_launcher_take_stderr_fd
g_subprocess_launcher_take_stdin_fd
g_subprocess_launcher_take_stdout_fd
g_subprocess_launcher_unsetenv
g_subprocess_new
g_subprocess_newv
g_subprocess_send_signal
g_subprocess_wait
g_subprocess_wait_async
g_subprocess_wait_check
g_subprocess_wait_check_async
g_subprocess_wait_check_finish
g_subprocess_wait_finish
GTlsCertificateRequestFlags
g_tls_interaction_invoke_request_certificate
g_tls_interaction_request_certificate
g_tls_interaction_request_certificate_async
g_tls_interaction_request_certificate_finish
