g_application_command_line_create_file_for_arg
g_credentials_get_unix_pid
g_desktop_app_info_get_boolean
g_desktop_app_info_get_string
g_desktop_app_info_has_key
g_file_enumerator_get_child
g_file_info_get_deletion_date
g_file_new_for_commandline_arg_and_cwd
g_memory_output_stream_new_resizable
g_networking_init
GProxyAddressEnumerator:proxy-resolver
g_simple_proxy_resolver_new
g_simple_proxy_resolver_set_default_proxy
g_simple_proxy_resolver_set_ignore_hosts
g_simple_proxy_resolver_set_uri_proxy
GSocketClient:proxy-resolver
g_socket_client_get_proxy_resolver
g_socket_client_set_proxy_resolver
g_socket_get_option
g_socket_set_option
GSubprocessLauncher
GTaskThreadFunc
g_task_attach_source
g_task_get_cancellable
g_task_get_check_cancellable
g_task_get_context
g_task_get_priority
g_task_get_return_on_cancel
g_task_get_source_object
g_task_get_source_tag
g_task_get_task_data
g_task_had_error
g_task_is_valid
g_task_new
g_task_propagate_boolean
g_task_propagate_int
g_task_propagate_pointer
g_task_report_error
g_task_report_new_error
g_task_return_boolean
g_task_return_error
g_task_return_error_if_cancelled
g_task_return_int
g_task_return_new_error
g_task_return_pointer
g_task_run_in_thread
g_task_run_in_thread_sync
g_task_set_check_cancellable
g_task_set_priority
g_task_set_return_on_cancel
g_task_set_source_tag
g_task_set_task_data
