gtk_accel_label_set_accel
gtk_action_group_get_accel_group
gtk_action_group_set_accel_group
gtk_application_get_active_window
gtk_application_get_window_by_id
gtk_application_window_get_id
GtkButton:always-show-image
gtk_button_get_always_show_image
gtk_button_set_always_show_image
GtkEntry:attributes
GtkEntry:input-hints
GtkEntry:input-purpose
gtk_entry_get_attributes
gtk_entry_get_input_hints
gtk_entry_get_input_purpose
gtk_entry_set_attributes
gtk_entry_set_input_hints
gtk_entry_set_input_purpose
gtk_icon_view_get_cell_rect
GtkInputHints
GtkInputPurpose
GtkLevelBar::offset-changed
GtkLevelBar:max-value
GtkLevelBar:min-block-height
GtkLevelBar:min-block-width
GtkLevelBar:min-value
GtkLevelBar:mode
GtkLevelBar:value
GtkLevelBarMode
gtk_level_bar_add_offset_value
gtk_level_bar_get_max_value
gtk_level_bar_get_min_value
gtk_level_bar_get_mode
gtk_level_bar_get_offset_value
gtk_level_bar_get_value
gtk_level_bar_new
gtk_level_bar_new_for_interval
GTK_LEVEL_BAR_OFFSET_HIGH
GTK_LEVEL_BAR_OFFSET_LOW
gtk_level_bar_remove_offset_value
gtk_level_bar_set_max_value
gtk_level_bar_set_min_value
gtk_level_bar_set_mode
gtk_level_bar_set_value
GtkMenuButton:align-widget
GtkMenuButton:direction
GtkMenuButton:menu-model
GtkMenuButton:popup
gtk_menu_button_get_align_widget
gtk_menu_button_get_direction
gtk_menu_button_get_menu_model
gtk_menu_button_get_popup
gtk_menu_button_new
gtk_menu_button_set_align_widget
gtk_menu_button_set_direction
gtk_menu_button_set_menu_model
gtk_menu_button_set_popup
Gtk_menu_shell_bind_model
GTK_PRINT_SETTINGS_OUTPUT_BASENAME
GTK_PRINT_SETTINGS_OUTPUT_DIR
gtk_search_entry_new
GtkSettings:gtk-primary-button-warps-slider
GtkTextView:input-hints
GtkTextView:input-purpose
gtk_text_view_get_input_hints
gtk_text_view_get_input_purpose
gtk_text_view_set_input_hints
gtk_text_view_set_input_purpose
gtk_widget_insert_action_group
